nand_base.c:128:13:nand_release_device	0	static
nand_base.c:142:9:nand_read_byte	0	static
nand_base.c:155:16:nand_read_byte16	0	static
nand_base.c:167:12:nand_read_word	0	static
nand_base.c:203:13:nand_write_byte	16	static
nand_base.c:217:13:nand_write_byte16	16	static
nand_base.c:284:6:nand_write_buf	0	static
nand_base.c:299:6:nand_read_buf	0	static
nand_base.c:314:6:nand_write_buf16	0	static
nand_base.c:330:6:nand_read_buf16	0	static
nand_base.c:1058:12:nand_read_page_raw_syndrome	32	static
nand_base.c:1100:12:nand_read_page_swecc	56	static
nand_base.c:1716:12:nand_read_oob_std	16	static
nand_base.c:1731:12:nand_read_oob_syndrome	48	static
nand_base.c:1767:12:nand_write_oob_std	24	static
nand_base.c:1791:12:nand_write_oob_syndrome	64	static
nand_base.c:2016:12:nand_write_page_raw_syndrome	32	static
nand_base.c:2058:12:nand_write_page_swecc	48	static
nand_base.c:2087:12:nand_write_page_hwecc	40	static
nand_base.c:2186:12:nand_write_page_syndrome	32	static
nand_base.c:2670:12:single_erase	8	static
nand_base.c:2815:13:nand_sync	0	static
nand_base.c:2875:12:nand_onfi_set_features	24	static
nand_base.c:2905:12:nand_onfi_get_features	24	static
nand_base.c:2924:13:nand_set_defaults	0	static
nand_base.c:2123:12:nand_write_subpage_hwecc	56	static
nand_base.c:921:12:nand_check_erased_buf	8	static
nand_base.c:345:12:nand_block_bad	24	static
nand_base.c:2237:12:nand_write_page	48	static
nand_base.c:863:12:nand_wait	24	static
nand_base.c:2974:13:sanitize_string	0	static
nand_base.c:503:12:nand_block_isreserved	0	static
nand_base.c:483:12:nand_check_wp	8	static
nand_base.c:1039:12:nand_read_page_raw	16	static
nand_base.c:1996:12:nand_write_page_raw	16	static
nand_base.c:522:12:nand_block_checkbad	24	static
nand_base.c:2830:12:nand_block_isbad	32	static
nand_base.c:2299:17:nand_fill_oob	24	static
nand_base.c:2358:12:nand_do_write_ops	96	static
nand_base.c:2521:12:nand_write	64	static
nand_base.c:2546:12:nand_do_write_oob	56	static
nand_base.c:392:12:nand_default_block_markbad	80	static
nand_base.c:2627:12:nand_write_oob	40	static
nand_base.c:180:13:nand_select_chip	8	static
nand_base.c:1436:17:nand_transfer_oob	24	static
nand_base.c:2487:12:panic_nand_write	64	static
nand_base.c:571:13:nand_wait_status_ready.constprop	16	static
nand_base.c:545:6:nand_wait_ready	16	static
nand_base.c:595:13:nand_command	24	static
nand_base.c:698:13:nand_command_lp	24	static
nand_base.c:1509:12:nand_do_read_ops	96	static
nand_base.c:1949:12:nand_read_oob	64	static
nand_base.c:1693:12:nand_read	64	static
nand_base.c:991:5:nand_check_erased_ecc_chunk	32	static
nand_base.c:1370:12:nand_read_page_syndrome	64	static
nand_base.c:1146:12:nand_read_subpage	64	static
nand_base.c:1250:12:nand_read_page_hwecc	64	static
nand_base.c:1312:12:nand_read_page_hwecc_oob_first	56	static
nand_base.c:2700:5:nand_erase_nand	56	static
nand_base.c:2853:12:nand_block_markbad	96	static
nand_base.c:2687:12:nand_erase	0	static
nand_base.c:3777:5:nand_scan_ident	64	static
nand_base.c:3871:5:nand_scan_tail	24	static
nand_base.c:4163:5:nand_scan	8	static
