io.c:310:13:erase_callback	0	static
io.c:660:12:validate_ec_hdr	24	static
io.c:1146:12:self_check_ec_hdr.isra.0.part.1	8	static
io.c:869:12:validate_vid_hdr.isra.2	24	static
io.c:1229:12:self_check_vid_hdr.isra.3.part.4	8	static
io.c:602:5:ubi_io_is_bad	4	static
io.c:1121:12:self_check_not_bad.part.5	8	static
io.c:118:5:ubi_io_read	56	static
io.c:1184:12:self_check_peb_ec_hdr.part.7	24	static
io.c:631:5:ubi_io_mark_bad	4	static
io.c:724:5:ubi_io_read_ec_hdr	32	static
io.c:997:5:ubi_io_read_vid_hdr	32	static
io.c:1386:5:ubi_self_check_all_ff	56	static
io.c:227:5:ubi_io_write	72	static
io.c:833:5:ubi_io_write_ec_hdr	24	static
io.c:1081:5:ubi_io_write_vid_hdr	24	static
io.c:324:12:do_sync_erase	112	static
io.c:560:5:ubi_io_sync_erase	184	static
