dm9000x.c:144:13:dm9000_outblk_8bit	0	static
dm9000x.c:151:13:dm9000_outblk_16bit	0	static
dm9000x.c:159:13:dm9000_outblk_32bit	0	static
dm9000x.c:168:13:dm9000_inblk_8bit	0	static
dm9000x.c:175:13:dm9000_inblk_16bit	0	static
dm9000x.c:183:13:dm9000_inblk_32bit	0	static
dm9000x.c:192:13:dm9000_rx_status_32bit	0	static
dm9000x.c:203:13:dm9000_rx_status_16bit	0	static
dm9000x.c:211:13:dm9000_rx_status_8bit	0	static
dm9000x.c:587:1:dm9000_phy_read	16	static
dm9000x.c:247:1:dm9000_reset	16	static
dm9000x.c:282:12:dm9000_init	24	static
dm9000x.c:459:12:dm9000_rx	32	static
dm9000x.c:404:12:dm9000_send	16	static
dm9000x.c:445:13:dm9000_halt	24	static
dm9000x.c:533:6:dm9000_read_srom_word	16	static
dm9000x.c:543:6:dm9000_write_srom_word	16	static
dm9000x.c:622:5:dm9000_initialize	8	static
