yaffsfs.c:142:32:yaffsfs_HandleToFileDes	0	static
yaffsfs.c:163:26:yaffsfs_HandleToObject	8	static
yaffsfs.c:312:12:yaffsfs_GetHandle	0	static
yaffsfs.c:763:12:yaffsfs_TooManyObjects	0	static
yaffsfs.c:2549:12:yaffsfs_IsDevBusy	8	static
yaffsfs.c:2791:13:yaffsfs_SetDirRewound	0	static
yaffsfs.c:2811:13:yaffsfs_DirAdvance	0	static
yaffsfs.c:2835:13:yaffsfs_RemoveObjectCallback	16	static
yaffsfs.c:261:12:yaffsfs_NewHandle	24	static
yaffsfs.c:178:12:yaffsfs_FindInodeIdForObject	8	static
yaffsfs.c:2214:12:yaffsfs_DoChMod	8	static
yaffsfs.c:1583:12:yaffsfs_DoStat	32	static
yaffsfs.c:1702:12:yaffsfs_DoUtime	24	static
yaffsfs.c:249:13:yaffsfs_PutInode.part.1	24	static
yaffsfs.c:346:12:yaffsfs_PutHandle	24	static
yaffsfs.c:102:10:yaffs_set_trace	0	static
yaffsfs.c:108:10:yaffs_get_trace	0	static
yaffsfs.c:401:5:yaffsfs_Match	0	static
yaffsfs.c:408:5:yaffsfs_IsPathDivider	0	static
yaffsfs.c:549:12:yaffsfs_CheckPath	16	static
yaffsfs.c:479:26:yaffsfs_FindDevice	56	static
yaffsfs.c:567:26:yaffsfs_FindMountPoint	16	static
yaffsfs.c:590:26:yaffsfs_FollowLink	40	static
yaffsfs.c:621:26:yaffsfs_DoFindDirectory	296	static
yaffsfs.c:704:26:yaffsfs_FindObject	32	static
yaffsfs.c:1626:12:yaffsfs_DoStatOrLStat	56	static
yaffsfs.c:1794:12:yaffs_do_setxattr	64	static
yaffsfs.c:1883:12:yaffs_do_getxattr	64	static
yaffsfs.c:1967:12:yaffs_do_listxattr	64	static
yaffsfs.c:2052:12:yaffs_do_removexattr	56	static
yaffsfs.c:438:12:yaffsfs_alt_dir_path	24	static
yaffsfs.c:421:5:yaffsfs_CheckNameLength	8	static
yaffsfs.c:735:5:yaffs_dup	24	static
yaffsfs.c:773:5:yaffs_open_sharing	96	static
yaffsfs.c:996:5:yaffs_open	0	static
yaffsfs.c:1002:5:yaffs_Dofsync	16	static
yaffsfs.c:1025:5:yaffs_fsync	0	static
yaffsfs.c:1030:5:yaffs_flush	0	static
yaffsfs.c:1035:5:yaffs_fdatasync	0	static
yaffsfs.c:1040:5:yaffs_close	16	static
yaffsfs.c:1065:5:yaffsfs_do_read	48	static
yaffsfs.c:1177:5:yaffs_read	24	static
yaffsfs.c:1182:5:yaffs_pread	0	static
yaffsfs.c:1187:5:yaffsfs_do_write	56	static
yaffsfs.c:1294:5:yaffs_write	24	static
yaffsfs.c:1299:5:yaffs_pwrite	0	static
yaffsfs.c:1304:5:yaffs_truncate	56	static
yaffsfs.c:1349:5:yaffs_ftruncate	16	static
yaffsfs.c:1377:8:yaffs_lseek	24	static
yaffsfs.c:1418:5:yaffsfs_DoUnlink	56	static
yaffsfs.c:1474:5:yaffs_unlink	0	static
yaffsfs.c:1479:5:yaffs_rename	72	static
yaffsfs.c:1667:5:yaffs_stat	0	static
yaffsfs.c:1672:5:yaffs_lstat	0	static
yaffsfs.c:1677:5:yaffs_fstat	16	static
yaffsfs.c:1734:5:yaffs_utime	48	static
yaffsfs.c:1771:5:yaffs_futime	16	static
yaffsfs.c:1841:5:yaffs_setxattr	16	static
yaffsfs.c:1847:5:yaffs_lsetxattr	16	static
yaffsfs.c:1853:5:yaffs_fsetxattr	32	static
yaffsfs.c:1928:5:yaffs_getxattr	16	static
yaffsfs.c:1933:5:yaffs_lgetxattr	16	static
yaffsfs.c:1938:5:yaffs_fgetxattr	24	static
yaffsfs.c:2013:5:yaffs_listxattr	0	static
yaffsfs.c:2018:5:yaffs_llistxattr	0	static
yaffsfs.c:2023:5:yaffs_flistxattr	16	static
yaffsfs.c:2098:5:yaffs_removexattr	0	static
yaffsfs.c:2103:5:yaffs_lremovexattr	0	static
yaffsfs.c:2108:5:yaffs_fremovexattr	16	static
yaffsfs.c:2230:5:yaffs_access	56	static
yaffsfs.c:2288:5:yaffs_chmod	56	static
yaffsfs.c:2333:5:yaffs_fchmod	16	static
yaffsfs.c:2358:5:yaffs_mkdir	40	static
yaffsfs.c:2417:5:yaffs_rmdir	16	static
yaffsfs.c:2445:7:yaffs_getdev	16	static
yaffsfs.c:2453:5:yaffs_mount_common	16	static
yaffsfs.c:2502:5:yaffs_mount2	0	static
yaffsfs.c:2507:5:yaffs_mount	0	static
yaffsfs.c:2512:5:yaffs_sync	24	static
yaffsfs.c:2562:5:yaffs_remount	16	static
yaffsfs.c:2602:5:yaffs_unmount2	24	static
yaffsfs.c:2645:5:yaffs_unmount	0	static
yaffsfs.c:2650:8:yaffs_freespace	24	static
yaffsfs.c:2679:8:yaffs_totalspace	32	static
yaffsfs.c:2710:5:yaffs_inodecount	24	static
yaffsfs.c:2741:6:yaffs_add_device	0	static
yaffsfs.c:2760:6:yaffs_remove_device	0	static
yaffsfs.c:2768:6:yaffs_dev_rewind	0	static
yaffsfs.c:2773:19:yaffs_next_dev	0	static
yaffsfs.c:2860:12:yaffs_opendir	40	static
yaffsfs.c:2921:22:yaffs_readdir	16	static
yaffsfs.c:2956:6:yaffs_rewinddir	8	static
yaffsfs.c:2969:5:yaffs_closedir	16	static
yaffsfs.c:2989:5:yaffs_symlink	56	static
yaffsfs.c:3038:5:yaffs_readlink	56	static
yaffsfs.c:3073:5:yaffs_link	64	static
yaffsfs.c:3137:5:yaffs_mknod	8	static
yaffsfs.c:3151:5:yaffs_n_handles	32	static
yaffsfs.c:3173:5:yaffs_get_error	0	static
yaffsfs.c:3178:5:yaffs_set_error	8	static
yaffsfs.c:3184:5:yaffs_dump_dev	0	static
