yaffs_guts.c:648:12:yaffs_calc_name_sum	0	static
yaffs_guts.c:1458:28:yaffs_grab_chunk_worker	0	static
yaffs_guts.c:1519:28:yaffs_find_chunk_cache	12	static
yaffs_guts.c:1582:13:yaffs_invalidate_whole_cache	4	static
yaffs_guts.c:2240:13:yaffs_deinit_blocks	8	static
yaffs_guts.c:2259:12:yaffs_init_blocks	16	static
yaffs_guts.c:719:13:yaffs_free_tnode	8	static
yaffs_guts.c:1707:28:yaffs_prune_worker	32	static
yaffs_guts.c:958:12:yaffs_find_chunk_in_group	32	static
yaffs_guts.c:1248:13:yaffs_remove_obj_from_dir	16	static
yaffs_guts.c:1610:13:yaffs_free_obj	16	static
yaffs_guts.c:47:6:yaffs_addr_to_chunk	16	static
yaffs_guts.c:139:5:yaffs_get_temp_buffer	8	static
yaffs_guts.c:165:6:yaffs_release_temp_buffer	16	static
yaffs_guts.c:3086:12:yaffs_do_xattrib_fetch	120	static
yaffs_guts.c:191:5:yaffs_is_managed_tmp_buffer	8	static
yaffs_guts.c:229:6:yaffs_handle_chunk_error	0	static
yaffs_guts.c:287:19:yaffs_root	0	static
yaffs_guts.c:292:19:yaffs_lost_n_found	0	static
yaffs_guts.c:301:5:yaffs_check_ff	0	static
yaffs_guts.c:312:12:yaffs_check_chunk_erased	96	static
yaffs_guts.c:358:5:yaffs_check_alloc_available	16	static
yaffs_guts.c:487:6:yaffs_skip_rest_of_block	8	static
yaffs_guts.c:666:6:yaffs_set_obj_name	16	static
yaffs_guts.c:678:6:yaffs_set_obj_name_from_oh	0	static
yaffs_guts.c:692:8:yaffs_max_file_size	12	static
yaffs_guts.c:704:21:yaffs_get_tnode	16	static
yaffs_guts.c:733:6:yaffs_load_tnode_0	16	static
yaffs_guts.c:764:5:yaffs_get_group_base	8	static
yaffs_guts.c:1202:12:yaffs_soft_del_worker	40	static
yaffs_guts.c:801:21:yaffs_find_tnode_0	0	static
yaffs_guts.c:986:12:yaffs_find_chunk_in_file	104	static
yaffs_guts.c:2907:12:yaffs_rd_data_obj	16	static
yaffs_guts.c:854:21:yaffs_add_find_tnode_0	40	static
yaffs_guts.c:1267:6:yaffs_add_obj_to_dir	16	static
yaffs_guts.c:1641:6:yaffs_handle_defered_free	0	static
yaffs_guts.c:1895:19:yaffs_find_by_number	0	static
yaffs_guts.c:1915:19:yaffs_new_obj	32	static
yaffs_guts.c:1970:26:yaffs_create_fake_dir	16	static
yaffs_guts.c:4557:12:yaffs_create_initial_dir	8	static
yaffs_guts.c:2007:19:yaffs_find_or_create_by_number	16	static
yaffs_guts.c:2023:8:yaffs_clone_str	16	static
yaffs_guts.c:3159:13:yaffs_check_obj_details_loaded	88	static
yaffs_guts.c:2306:6:yaffs_block_became_dirty	112	static
yaffs_guts.c:2925:6:yaffs_chunk_del	120	static
yaffs_guts.c:1045:5:yaffs_put_chunk_in_file	176	static
yaffs_guts.c:500:12:yaffs_write_new_chunk	128	static
yaffs_guts.c:3148:5:yaffs_get_xattrib	0	static
yaffs_guts.c:3154:5:yaffs_list_xattrib	0	static
yaffs_guts.c:3876:5:yaffs_is_non_empty_dir	0	static
yaffs_guts.c:4117:6:yaffs_handle_shadowed_obj	16	static
yaffs_guts.c:4145:6:yaffs_link_fixup	24	static
yaffs_guts.c:4366:19:yaffs_get_equivalent_obj	8	static
yaffs_guts.c:4416:5:yaffs_get_obj_name	64	static
yaffs_guts.c:4310:19:yaffs_find_by_name	288	static
yaffs_guts.c:1307:12:yaffs_change_obj_name	40	static
yaffs_guts.c:1647:12:yaffs_generic_obj_del	16	static
yaffs_guts.c:2799:12:yaffs_check_gc	152	static
yaffs_guts.c:3259:5:yaffs_update_oh	456	static
yaffs_guts.c:2080:6:yaffs_update_dirty_dirs	32	static
yaffs_guts.c:2056:13:yaffs_update_parent	24	static
yaffs_guts.c:3143:5:yaffs_remove_xattrib	40	static
yaffs_guts.c:3137:5:yaffs_set_xattrib	40	static
yaffs_guts.c:2983:12:yaffs_wr_data_obj	176	static
yaffs_guts.c:1383:13:yaffs_flush_file_cache	40	static
yaffs_guts.c:1432:6:yaffs_flush_whole_cache	16	static
yaffs_guts.c:1471:28:yaffs_grab_chunk_cache	16	static
yaffs_guts.c:3413:5:yaffs_file_rd	64	static
yaffs_guts.c:3790:5:yaffs_flush_file	24	static
yaffs_guts.c:3492:5:yaffs_do_file_wr	72	static
yaffs_guts.c:3663:5:yaffs_wr_file	32	static
yaffs_guts.c:3722:6:yaffs_resize_file_down	144	static
yaffs_guts.c:2895:5:yaffs_bg_gc	16	static
yaffs_guts.c:3752:5:yaffs_resize_file	40	static
yaffs_guts.c:1667:13:yaffs_soft_del_file	16	static
yaffs_guts.c:3841:5:yaffs_del_file	24	static
yaffs_guts.c:3909:5:yaffs_del_obj	16	static
yaffs_guts.c:2112:26:yaffs_create_obj	48	static
yaffs_guts.c:2189:19:yaffs_create_file	32	static
yaffs_guts.c:2197:19:yaffs_create_dir	32	static
yaffs_guts.c:2204:19:yaffs_create_special	32	static
yaffs_guts.c:2212:19:yaffs_create_symlink	32	static
yaffs_guts.c:2221:19:yaffs_link_obj	40	static
yaffs_guts.c:4021:12:yaffs_unlink_obj	288	static
yaffs_guts.c:4029:5:yaffs_unlinker	8	static
yaffs_guts.c:4040:5:yaffs_rename_obj	40	static
yaffs_guts.c:4284:13:yaffs_del_dir_contents	24	static
yaffs_guts.c:4447:8:yaffs_get_obj_length	8	static
yaffs_guts.c:4465:5:yaffs_get_obj_link_count	0	static
yaffs_guts.c:4479:5:yaffs_get_obj_inode	8	static
yaffs_guts.c:4486:10:yaffs_get_obj_type	8	static
yaffs_guts.c:4520:8:yaffs_get_symlink_alias	8	static
yaffs_guts.c:4897:6:yaffs_deinitialise	24	static
yaffs_guts.c:4581:5:yaffs_guts_initialise	32	static
yaffs_guts.c:4929:5:yaffs_count_free_chunks	12	static
yaffs_guts.c:4954:5:yaffs_get_n_free_chunks	16	static
yaffs_guts.c:4992:6:yaffs_oh_size_load	0	static
yaffs_guts.c:4998:8:yaffs_oh_to_size	0	static
