yaffs_uboot_glue.c:112:20:yaffs_error_str	0	static
yaffs_uboot_glue.c:42:6:yaffs_bug_fn	0	static
yaffs_uboot_glue.c:47:7:yaffsfs_malloc	0	static
yaffs_uboot_glue.c:52:6:yaffsfs_free	0	static
yaffs_uboot_glue.c:57:6:yaffsfs_SetError	0	static
yaffs_uboot_glue.c:62:5:yaffsfs_GetLastError	0	static
yaffs_uboot_glue.c:68:5:yaffsfs_GetError	0	static
yaffs_uboot_glue.c:73:6:yaffsfs_Lock	0	static
yaffs_uboot_glue.c:77:6:yaffsfs_Unlock	0	static
yaffs_uboot_glue.c:81:7:yaffsfs_CurrentTime	0	static
yaffs_uboot_glue.c:86:7:yaffs_malloc	0	static
yaffs_uboot_glue.c:91:6:yaffs_free	0	static
yaffs_uboot_glue.c:96:6:yaffsfs_LocalInitialisation	0	static
yaffs_uboot_glue.c:144:6:cmd_yaffs_tracemask	0	static
yaffs_uboot_glue.c:160:6:cmd_yaffs_devconfig	48	static
yaffs_uboot_glue.c:249:6:cmd_yaffs_dev_ls	24	static
yaffs_uboot_glue.c:276:6:make_a_file	120	static
yaffs_uboot_glue.c:306:6:read_a_file	24	static
yaffs_uboot_glue.c:330:6:cmd_yaffs_mount	8	static
yaffs_uboot_glue.c:339:6:cmd_yaffs_umount	8	static
yaffs_uboot_glue.c:346:6:cmd_yaffs_write_file	0	static
yaffs_uboot_glue.c:352:6:cmd_yaffs_read_file	0	static
yaffs_uboot_glue.c:358:6:cmd_yaffs_mread_file	80	static
yaffs_uboot_glue.c:379:6:cmd_yaffs_mwrite_file	16	static
yaffs_uboot_glue.c:393:6:cmd_yaffs_ls	344	static
yaffs_uboot_glue.c:427:6:cmd_yaffs_mkdir	8	static
yaffs_uboot_glue.c:436:6:cmd_yaffs_rmdir	8	static
yaffs_uboot_glue.c:445:6:cmd_yaffs_rm	8	static
yaffs_uboot_glue.c:454:6:cmd_yaffs_mv	8	static
