serial_s3c24x0.c:183:1:s3serial1_tstc	0	static
serial_s3c24x0.c:186:1:s3serial2_getc	0	static
serial_s3c24x0.c:68:13:_serial_setbrg	8	static
serial_s3c24x0.c:180:1:s3serial0_setbrg	0	static
serial_s3c24x0.c:183:1:s3serial1_setbrg	0	static
serial_s3c24x0.c:186:1:s3serial2_setbrg	0	static
serial_s3c24x0.c:183:1:s3serial1_init	8	static
serial_s3c24x0.c:134:13:_serial_putc	16	static
serial_s3c24x0.c:180:1:s3serial0_putc	0	static
serial_s3c24x0.c:183:1:s3serial1_putc	0	static
serial_s3c24x0.c:186:1:s3serial2_putc	0	static
serial_s3c24x0.c:168:13:_serial_puts	16	static
serial_s3c24x0.c:180:1:s3serial0_puts	0	static
serial_s3c24x0.c:183:1:s3serial1_puts	0	static
serial_s3c24x0.c:186:1:s3serial2_puts	0	static
serial_s3c24x0.c:186:1:s3serial2_tstc	0	static
serial_s3c24x0.c:180:1:s3serial0_tstc	0	static
serial_s3c24x0.c:180:1:s3serial0_getc	0	static
serial_s3c24x0.c:183:1:s3serial1_getc	0	static
serial_s3c24x0.c:186:1:s3serial2_init	8	static
serial_s3c24x0.c:180:1:s3serial0_init	8	static
serial_s3c24x0.c:190:30:default_serial_console	0	static
serial_s3c24x0.c:203:6:s3c24xx_serial_initialize	8	static
