cfi_flash.c:227:13:flash_make_cmd	32	static
cfi_flash.c:418:12:flash_isequal	32	static
cfi_flash.c:466:12:flash_isset	32	static
cfi_flash.c:754:21:find_sector	4	static
cfi_flash.c:1638:13:cfi_reverse_geometry	12	static
cfi_flash.c:708:13:flash_add_byte.isra.3	20	static
cfi_flash.c:124:20:cfi_flash_bank_addr	0	static
cfi_flash.c:130:22:cfi_flash_bank_size	0	static
cfi_flash.c:184:15:flash_get_info	0	static
cfi_flash.c:200:15:flash_sector_size	0	static
cfi_flash.c:361:6:flash_write_cmd	32	static
cfi_flash.c:410:13:flash_unlock_seq	16	static
cfi_flash.c:603:12:flash_full_status_check	40	static
cfi_flash.c:780:12:flash_write_cfiword	32	static
cfi_flash.c:1657:13:cmdset_intel_read_jedec_ids	8	static
cfi_flash.c:1689:13:cmdset_amd_read_jedec_ids	8	static
cfi_flash.c:1050:5:flash_erase	32	static
cfi_flash.c:1199:6:flash_print_info	32	static
cfi_flash.c:1314:5:write_buff	48	static
cfi_flash.c:1865:13:__flash_cmd_reset	8	static
cfi_flash.c:2052:7:flash_get_size	120	static
cfi_flash.c:2304:6:flash_protect_default	8	static
cfi_flash.c:2351:15:flash_init	40	static
